{"message":"could not find view function by 0x1::libra2_account::fake_function","error_code":"invalid_input","vm_error_code":null}